// Jest Snapshot v1, https://goo.gl/fbAQLP

exports[`lib/manager/docker-compose/extract extractPackageFile() extracts multiple image lines 1`] = `
Array [
  Object {
    "currentDepTag": "something/redis:alpine",
    "currentDepTagDigest": "something/redis:alpine",
    "currentDigest": undefined,
    "currentFrom": "quay.io/something/redis:alpine",
    "currentValue": "alpine",
    "datasource": "docker",
    "depName": "something/redis",
    "dockerRegistry": "quay.io",
    "lineNumber": 4,
    "lookupName": "quay.io/something/redis",
  },
  Object {
    "commitMessageTopic": "Node.js",
    "currentDepTag": "node:10.0.0",
    "currentDepTagDigest": "node:10.0.0",
    "currentDigest": undefined,
    "currentFrom": "node:10.0.0",
    "currentValue": "10.0.0",
    "datasource": "docker",
    "depName": "node",
    "dockerRegistry": undefined,
    "lineNumber": 18,
  },
  Object {
    "currentDepTag": "postgres:9.4.0",
    "currentDepTagDigest": "postgres:9.4.0",
    "currentDigest": undefined,
    "currentFrom": "postgres:9.4.0",
    "currentValue": "9.4.0",
    "datasource": "docker",
    "depName": "postgres",
    "dockerRegistry": undefined,
    "lineNumber": 21,
  },
  Object {
    "currentDepTag": "dockersamples/examplevotingapp_vote:before",
    "currentDepTagDigest": "dockersamples/examplevotingapp_vote:before",
    "currentDigest": undefined,
    "currentFrom": "dockersamples/examplevotingapp_vote:before",
    "currentValue": "before",
    "datasource": "docker",
    "depName": "dockersamples/examplevotingapp_vote",
    "dockerRegistry": undefined,
    "lineNumber": 31,
  },
  Object {
    "currentDepTag": "dockersamples/examplevotingapp_result:before",
    "currentDepTagDigest": "dockersamples/examplevotingapp_result:before",
    "currentDigest": undefined,
    "currentFrom": "dockersamples/examplevotingapp_result:before",
    "currentValue": "before",
    "datasource": "docker",
    "depName": "dockersamples/examplevotingapp_result",
    "dockerRegistry": undefined,
    "lineNumber": 46,
  },
  Object {
    "currentDepTag": "dockersamples/examplevotingapp_worker",
    "currentDepTagDigest": "dockersamples/examplevotingapp_worker",
    "currentDigest": undefined,
    "currentFrom": "dockersamples/examplevotingapp_worker",
    "currentValue": undefined,
    "datasource": "docker",
    "depName": "dockersamples/examplevotingapp_worker",
    "dockerRegistry": undefined,
    "lineNumber": 62,
  },
  Object {
    "currentDepTag": "dockersamples/visualizer:stable",
    "currentDepTagDigest": "dockersamples/visualizer:stable",
    "currentDigest": undefined,
    "currentFrom": "dockersamples/visualizer:stable",
    "currentValue": "stable",
    "datasource": "docker",
    "depName": "dockersamples/visualizer",
    "dockerRegistry": undefined,
    "lineNumber": 79,
  },
]
`;
