// Jest Snapshot v1, https://goo.gl/fbAQLP

exports[`lib/manager/nuget/extract extractPackageFile() extracts all dependencies 1`] = `
Array [
  Object {
    "currentValue": "4.5.0",
    "datasource": "nuget",
    "depName": "Autofac",
    "lineNumber": 12,
  },
  Object {
    "currentValue": "4.1.0",
    "datasource": "nuget",
    "depName": "Autofac.Extensions.DependencyInjection",
    "lineNumber": 13,
  },
  Object {
    "currentValue": "1.1.2",
    "datasource": "nuget",
    "depName": "Microsoft.AspNetCore.Hosting",
    "lineNumber": 14,
  },
  Object {
    "currentValue": "1.1.3",
    "datasource": "nuget",
    "depName": "Microsoft.AspNetCore.Mvc.Core",
    "lineNumber": 15,
  },
  Object {
    "currentValue": "1.1.2",
    "datasource": "nuget",
    "depName": "Microsoft.AspNetCore.Server.Kestrel",
    "lineNumber": 16,
  },
  Object {
    "currentValue": "1.1.2",
    "datasource": "nuget",
    "depName": "Microsoft.Extensions.Configuration.Json",
    "lineNumber": 17,
  },
  Object {
    "currentValue": "1.1.2",
    "datasource": "nuget",
    "depName": "Microsoft.Extensions.Logging.Debug",
    "lineNumber": 18,
  },
  Object {
    "currentValue": "10.0.2",
    "datasource": "nuget",
    "depName": "Newtonsoft.Json",
    "lineNumber": 19,
  },
  Object {
    "currentValue": "2.4.0",
    "datasource": "nuget",
    "depName": "Serilog",
    "lineNumber": 20,
  },
  Object {
    "currentValue": "1.4.0",
    "datasource": "nuget",
    "depName": "Serilog.Extensions.Logging",
    "lineNumber": 21,
  },
  Object {
    "currentValue": "2.1.0",
    "datasource": "nuget",
    "depName": "Serilog.Sinks.Literate",
    "lineNumber": 22,
  },
  Object {
    "currentValue": "3.1.0.5",
    "datasource": "nuget",
    "depName": "Stateless",
    "lineNumber": 23,
    "skipReason": "not-version",
  },
]
`;

exports[`lib/manager/nuget/extract extractPackageFile() returns empty for invalid csproj 1`] = `
Object {
  "deps": Array [],
}
`;
