// Jest Snapshot v1, https://goo.gl/fbAQLP

exports[`lib/manager/gomod/extract extractPackageFile() extracts multi-line requires 1`] = `
Array [
  Object {
    "currentValue": "v1.15.21",
    "datasource": "go",
    "depName": "aws/aws-sdk-go",
    "depType": "require",
    "lineNumber": 3,
    "lookupName": "github.com/aws/aws-sdk-go",
    "multiLine": true,
  },
  Object {
    "currentDigest": "9fd32a8b3d3d",
    "currentValue": "v0.0.0-20140422174119-9fd32a8b3d3d",
    "datasource": "go",
    "depName": "bgentry/go-netrc",
    "depType": "require",
    "digestOneAndOnly": true,
    "lineNumber": 4,
    "lookupName": "github.com/bgentry/go-netrc",
    "multiLine": true,
  },
  Object {
    "currentDigest": "bcc4c8345a21",
    "currentValue": "v0.0.0-20151120183258-bcc4c8345a21",
    "datasource": "go",
    "depName": "cloudfoundry/jibber_jabber",
    "depType": "require",
    "digestOneAndOnly": true,
    "lineNumber": 5,
    "lookupName": "github.com/cloudfoundry/jibber_jabber",
    "multiLine": true,
  },
  Object {
    "currentValue": "v1.1.0",
    "datasource": "go",
    "depName": "davecgh/go-spew",
    "depType": "require",
    "lineNumber": 6,
    "lookupName": "github.com/davecgh/go-spew",
    "multiLine": true,
  },
  Object {
    "currentValue": "v1.9.0",
    "datasource": "go",
    "depName": "emirpasic/gods",
    "depType": "require",
    "lineNumber": 7,
    "lookupName": "github.com/emirpasic/gods",
    "multiLine": true,
  },
  Object {
    "currentValue": "v1.7.0",
    "datasource": "go",
    "depName": "fatih/color",
    "depType": "require",
    "lineNumber": 8,
    "lookupName": "github.com/fatih/color",
    "multiLine": true,
  },
  Object {
    "currentValue": "v1.4.7",
    "datasource": "go",
    "depName": "fsnotify/fsnotify",
    "depType": "require",
    "lineNumber": 9,
    "lookupName": "github.com/fsnotify/fsnotify",
    "multiLine": true,
  },
  Object {
    "currentValue": "v1.38.2",
    "datasource": "go",
    "depName": "go-ini/ini",
    "depType": "require",
    "lineNumber": 10,
    "lookupName": "github.com/go-ini/ini",
    "multiLine": true,
  },
  Object {
    "currentDigest": "604e922904d3",
    "currentValue": "v0.0.0-20130729185459-604e922904d3",
    "datasource": "go",
    "depName": "golang-collections/collections",
    "depType": "require",
    "digestOneAndOnly": true,
    "lineNumber": 11,
    "lookupName": "github.com/golang-collections/collections",
    "multiLine": true,
  },
  Object {
    "currentDigest": "d5fe4b57a186",
    "currentValue": "v0.0.0-20171218145408-d5fe4b57a186",
    "datasource": "go",
    "depName": "hashicorp/go-cleanhttp",
    "depType": "require",
    "digestOneAndOnly": true,
    "lineNumber": 12,
    "lookupName": "github.com/hashicorp/go-cleanhttp",
    "multiLine": true,
  },
  Object {
    "currentDigest": "4bda8fa99001",
    "currentValue": "v0.0.0-20180809191950-4bda8fa99001",
    "datasource": "go",
    "depName": "hashicorp/go-getter",
    "depType": "require",
    "digestOneAndOnly": true,
    "lineNumber": 13,
    "lookupName": "github.com/hashicorp/go-getter",
    "multiLine": true,
  },
  Object {
    "currentDigest": "b1a1dbde6fdc",
    "currentValue": "v0.0.0-20180326211150-b1a1dbde6fdc",
    "datasource": "go",
    "depName": "hashicorp/go-safetemp",
    "depType": "require",
    "digestOneAndOnly": true,
    "lineNumber": 14,
    "lookupName": "github.com/hashicorp/go-safetemp",
    "multiLine": true,
  },
  Object {
    "currentValue": "v1.0.0",
    "datasource": "go",
    "depName": "hashicorp/go-version",
    "depType": "require",
    "lineNumber": 15,
    "lookupName": "github.com/hashicorp/go-version",
    "multiLine": true,
  },
  Object {
    "currentDigest": "ef8a98b0bbce",
    "currentValue": "v0.0.0-20180404174102-ef8a98b0bbce",
    "datasource": "go",
    "depName": "hashicorp/hcl",
    "depType": "require",
    "digestOneAndOnly": true,
    "lineNumber": 16,
    "lookupName": "github.com/hashicorp/hcl",
    "multiLine": true,
  },
  Object {
    "currentDigest": "fc0cef2ff331",
    "currentValue": "v0.0.0-20180515183152-fc0cef2ff331",
    "datasource": "go",
    "depName": "heroku/rollrus",
    "depType": "require",
    "digestOneAndOnly": true,
    "lineNumber": 17,
    "lookupName": "github.com/heroku/rollrus",
    "multiLine": true,
  },
  Object {
    "currentDigest": "d14ea06fba99",
    "currentValue": "v0.0.0-20150711004518-d14ea06fba99",
    "datasource": "go",
    "depName": "jbenet/go-context",
    "depType": "require",
    "digestOneAndOnly": true,
    "lineNumber": 18,
    "lookupName": "github.com/jbenet/go-context",
    "multiLine": true,
  },
  Object {
    "currentDigest": "906e15686e63",
    "currentValue": "v0.0.0-20180822080847-906e15686e63",
    "datasource": "go",
    "depName": "jesseduffield/go-getter",
    "depType": "require",
    "digestOneAndOnly": true,
    "lineNumber": 19,
    "lookupName": "github.com/jesseduffield/go-getter",
    "multiLine": true,
  },
  Object {
    "currentDigest": "03e26ff3f1de",
    "currentValue": "v0.0.0-20180921065632-03e26ff3f1de",
    "datasource": "go",
    "depName": "jesseduffield/gocui",
    "depType": "require",
    "digestOneAndOnly": true,
    "lineNumber": 20,
    "lookupName": "github.com/jesseduffield/gocui",
    "multiLine": true,
  },
  Object {
    "currentDigest": "1e272ff78dcb",
    "currentValue": "v0.0.0-20180919093808-1e272ff78dcb",
    "datasource": "go",
    "depName": "jesseduffield/termbox-go",
    "depType": "require",
    "digestOneAndOnly": true,
    "lineNumber": 21,
    "lookupName": "github.com/jesseduffield/termbox-go",
    "multiLine": true,
  },
  Object {
    "currentDigest": "0b12d6b521d8",
    "currentValue": "v0.0.0-20160202185014-0b12d6b521d8",
    "datasource": "go",
    "depName": "jmespath/go-jmespath",
    "depType": "require",
    "digestOneAndOnly": true,
    "lineNumber": 22,
    "lookupName": "github.com/jmespath/go-jmespath",
    "multiLine": true,
  },
  Object {
    "currentDigest": "ae77be60afb1",
    "currentValue": "v0.0.0-20170510131534-ae77be60afb1",
    "datasource": "go",
    "depName": "kardianos/osext",
    "depType": "require",
    "digestOneAndOnly": true,
    "lineNumber": 23,
    "lookupName": "github.com/kardianos/osext",
    "multiLine": true,
  },
  Object {
    "currentDigest": "9fc7bb800b55",
    "currentValue": "v0.0.0-20180317175531-9fc7bb800b55",
    "datasource": "go",
    "depName": "kevinburke/ssh_config",
    "depType": "require",
    "digestOneAndOnly": true,
    "lineNumber": 24,
    "lookupName": "github.com/kevinburke/ssh_config",
    "multiLine": true,
  },
  Object {
    "currentValue": "v1.8.0",
    "datasource": "go",
    "depName": "magiconair/properties",
    "depType": "require",
    "lineNumber": 25,
    "lookupName": "github.com/magiconair/properties",
    "multiLine": true,
  },
  Object {
    "currentValue": "v0.0.9",
    "datasource": "go",
    "depName": "mattn/go-colorable",
    "depType": "require",
    "lineNumber": 26,
    "lookupName": "github.com/mattn/go-colorable",
    "multiLine": true,
  },
  Object {
    "currentValue": "v0.0.3",
    "datasource": "go",
    "depName": "mattn/go-isatty",
    "depType": "require",
    "lineNumber": 27,
    "lookupName": "github.com/mattn/go-isatty",
    "multiLine": true,
  },
  Object {
    "currentValue": "v0.0.2",
    "datasource": "go",
    "depName": "mattn/go-runewidth",
    "depType": "require",
    "lineNumber": 28,
    "lookupName": "github.com/mattn/go-runewidth",
    "multiLine": true,
  },
  Object {
    "currentValue": "v1.2.0",
    "datasource": "go",
    "depName": "mgutz/str",
    "depType": "require",
    "lineNumber": 29,
    "lookupName": "github.com/mgutz/str",
    "multiLine": true,
  },
  Object {
    "currentDigest": "58046073cbff",
    "currentValue": "v0.0.0-20180801233206-58046073cbff",
    "datasource": "go",
    "depName": "mitchellh/go-homedir",
    "depType": "require",
    "digestOneAndOnly": true,
    "lineNumber": 30,
    "lookupName": "github.com/mitchellh/go-homedir",
    "multiLine": true,
  },
  Object {
    "currentDigest": "a61a99592b77",
    "currentValue": "v0.0.0-20171004221916-a61a99592b77",
    "datasource": "go",
    "depName": "mitchellh/go-testing-interface",
    "depType": "require",
    "digestOneAndOnly": true,
    "lineNumber": 31,
    "lookupName": "github.com/mitchellh/go-testing-interface",
    "multiLine": true,
  },
  Object {
    "currentDigest": "f15292f7a699",
    "currentValue": "v0.0.0-20180715050151-f15292f7a699",
    "datasource": "go",
    "depName": "mitchellh/mapstructure",
    "depType": "require",
    "digestOneAndOnly": true,
    "lineNumber": 32,
    "lookupName": "github.com/mitchellh/mapstructure",
    "multiLine": true,
  },
  Object {
    "currentDigest": "a16b91a3ba80",
    "currentValue": "v0.0.0-20180803040939-a16b91a3ba80",
    "datasource": "go",
    "depName": "nicksnyder/go-i18n",
    "depType": "require",
    "digestOneAndOnly": true,
    "lineNumber": 33,
    "lookupName": "github.com/nicksnyder/go-i18n",
    "multiLine": true,
  },
  Object {
    "currentValue": "v0.2.0",
    "datasource": "go",
    "depName": "pelletier/go-buffruneio",
    "depType": "require",
    "lineNumber": 34,
    "lookupName": "github.com/pelletier/go-buffruneio",
    "multiLine": true,
  },
  Object {
    "currentValue": "v1.2.0",
    "datasource": "go",
    "depName": "pelletier/go-toml",
    "depType": "require",
    "lineNumber": 35,
    "lookupName": "github.com/pelletier/go-toml",
    "multiLine": true,
  },
  Object {
    "currentValue": "v0.8.0",
    "datasource": "go",
    "depName": "pkg/errors",
    "depType": "require",
    "lineNumber": 36,
    "lookupName": "github.com/pkg/errors",
    "multiLine": true,
  },
  Object {
    "currentValue": "v1.0.0",
    "datasource": "go",
    "depName": "pmezard/go-difflib",
    "depType": "require",
    "lineNumber": 37,
    "lookupName": "github.com/pmezard/go-difflib",
    "multiLine": true,
  },
  Object {
    "currentValue": "v1.0.0",
    "datasource": "go",
    "depName": "sergi/go-diff",
    "depType": "require",
    "lineNumber": 38,
    "lookupName": "github.com/sergi/go-diff",
    "multiLine": true,
  },
  Object {
    "currentDigest": "e180dbdc8da0",
    "currentValue": "v0.0.0-20170330084843-e180dbdc8da0",
    "datasource": "go",
    "depName": "shibukawa/configdir",
    "depType": "require",
    "digestOneAndOnly": true,
    "lineNumber": 39,
    "lookupName": "github.com/shibukawa/configdir",
    "multiLine": true,
  },
  Object {
    "currentValue": "v1.0.6",
    "datasource": "go",
    "depName": "sirupsen/logrus",
    "depType": "require",
    "lineNumber": 40,
    "lookupName": "github.com/sirupsen/logrus",
    "multiLine": true,
  },
  Object {
    "currentValue": "v1.1.1",
    "datasource": "go",
    "depName": "spf13/afero",
    "depType": "require",
    "lineNumber": 41,
    "lookupName": "github.com/spf13/afero",
    "multiLine": true,
  },
  Object {
    "currentValue": "v1.2.0",
    "datasource": "go",
    "depName": "spf13/cast",
    "depType": "require",
    "lineNumber": 42,
    "lookupName": "github.com/spf13/cast",
    "multiLine": true,
  },
  Object {
    "currentDigest": "14d3d4c51834",
    "currentValue": "v0.0.0-20180814060501-14d3d4c51834",
    "datasource": "go",
    "depName": "spf13/jwalterweatherman",
    "depType": "require",
    "digestOneAndOnly": true,
    "lineNumber": 43,
    "lookupName": "github.com/spf13/jwalterweatherman",
    "multiLine": true,
  },
  Object {
    "currentValue": "v1.0.2",
    "datasource": "go",
    "depName": "spf13/pflag",
    "depType": "require",
    "lineNumber": 44,
    "lookupName": "github.com/spf13/pflag",
    "multiLine": true,
  },
  Object {
    "currentValue": "v1.1.0",
    "datasource": "go",
    "depName": "spf13/viper",
    "depType": "require",
    "lineNumber": 45,
    "lookupName": "github.com/spf13/viper",
    "multiLine": true,
  },
  Object {
    "currentDigest": "59b7046e48ad",
    "currentValue": "v0.0.0-20160624110644-59b7046e48ad",
    "datasource": "go",
    "depName": "spkg/bom",
    "depType": "require",
    "digestOneAndOnly": true,
    "lineNumber": 46,
    "lookupName": "github.com/spkg/bom",
    "multiLine": true,
  },
  Object {
    "currentValue": "v2.3.0",
    "datasource": "go",
    "depName": "src-d/gcfg/v2",
    "depType": "require",
    "lineNumber": 47,
    "lookupName": "github.com/src-d/gcfg/v2",
    "multiLine": true,
  },
  Object {
    "currentValue": "v1.2.2",
    "datasource": "go",
    "depName": "stretchr/testify",
    "depType": "require",
    "lineNumber": 48,
    "lookupName": "github.com/stretchr/testify",
    "multiLine": true,
  },
  Object {
    "currentDigest": "3627a5cbeaea",
    "currentValue": "v0.0.0-20170522205222-3627a5cbeaea",
    "datasource": "go",
    "depName": "stvp/roll",
    "depType": "require",
    "digestOneAndOnly": true,
    "lineNumber": 49,
    "lookupName": "github.com/stvp/roll",
    "multiLine": true,
  },
  Object {
    "currentValue": "v0.1.2",
    "datasource": "go",
    "depName": "tcnksm/go-gitconfig",
    "depType": "require",
    "lineNumber": 50,
    "lookupName": "github.com/tcnksm/go-gitconfig",
    "multiLine": true,
  },
  Object {
    "currentValue": "v0.5.4",
    "datasource": "go",
    "depName": "ulikunitz/xz",
    "depType": "require",
    "lineNumber": 51,
    "lookupName": "github.com/ulikunitz/xz",
    "multiLine": true,
  },
  Object {
    "currentValue": "v0.2.0",
    "datasource": "go",
    "depName": "xanzy/ssh-agent",
    "depType": "require",
    "lineNumber": 52,
    "lookupName": "github.com/xanzy/ssh-agent",
    "multiLine": true,
  },
  Object {
    "currentDigest": "de0752318171",
    "currentValue": "v0.0.0-20180808211826-de0752318171",
    "datasource": "go",
    "depName": "golang.org/x/crypto",
    "depType": "require",
    "digestOneAndOnly": true,
    "lineNumber": 53,
    "multiLine": true,
  },
  Object {
    "currentDigest": "c39426892332",
    "currentValue": "v0.0.0-20180811021610-c39426892332",
    "datasource": "go",
    "depName": "golang.org/x/net",
    "depType": "require",
    "digestOneAndOnly": true,
    "lineNumber": 54,
    "multiLine": true,
  },
  Object {
    "currentDigest": "98c5dad5d1a0",
    "currentValue": "v0.0.0-20180810173357-98c5dad5d1a0",
    "datasource": "go",
    "depName": "golang.org/x/sys",
    "depType": "require",
    "digestOneAndOnly": true,
    "lineNumber": 55,
    "multiLine": true,
  },
  Object {
    "currentValue": "v0.3.0",
    "datasource": "go",
    "depName": "golang.org/x/text",
    "depType": "require",
    "lineNumber": 56,
    "multiLine": true,
  },
  Object {
    "currentValue": "v4.2.0",
    "datasource": "go",
    "depName": "src-d/go-billy",
    "depType": "require",
    "lineNumber": 57,
    "lookupName": "gopkg.in/src-d/go-billy.v4",
    "multiLine": true,
  },
  Object {
    "currentValue": "v4.0.0-20180807092216-43d17e14b714",
    "datasource": "go",
    "depName": "src-d/go-git",
    "depType": "require",
    "lineNumber": 58,
    "lookupName": "gopkg.in/src-d/go-git.v4",
    "multiLine": true,
  },
  Object {
    "currentValue": "v0.1.2",
    "datasource": "go",
    "depName": "warnings",
    "depType": "require",
    "lineNumber": 59,
    "lookupName": "gopkg.in/warnings.v0",
    "multiLine": true,
  },
  Object {
    "currentValue": "v2.2.1",
    "datasource": "go",
    "depName": "yaml",
    "depType": "require",
    "lineNumber": 60,
    "lookupName": "gopkg.in/yaml.v2",
    "multiLine": true,
  },
]
`;

exports[`lib/manager/gomod/extract extractPackageFile() extracts single-line requires 1`] = `
Array [
  Object {
    "currentValue": "v0.7.0",
    "datasource": "go",
    "depName": "pkg/errors",
    "depType": "require",
    "lineNumber": 2,
    "lookupName": "github.com/pkg/errors",
  },
  Object {
    "currentValue": "v1.15.21",
    "datasource": "go",
    "depName": "aws/aws-sdk-go",
    "depType": "require",
    "lineNumber": 3,
    "lookupName": "github.com/aws/aws-sdk-go",
  },
  Object {
    "currentValue": "v1.0.0",
    "datasource": "go",
    "depName": "davecgh/go-spew",
    "depType": "require",
    "lineNumber": 4,
    "lookupName": "github.com/davecgh/go-spew",
  },
  Object {
    "currentValue": "v1.0.0",
    "datasource": "go",
    "depName": "golang.org/x/foo",
    "depType": "require",
    "lineNumber": 5,
  },
  Object {
    "currentValue": "abcdef1",
    "depName": "github.com/rarkins/foo",
    "depType": "require",
    "lineNumber": 6,
    "skipReason": "unsupported-version",
  },
  Object {
    "currentValue": "v1.0.0",
    "datasource": "go",
    "depName": "russross/blackfriday",
    "depType": "require",
    "lineNumber": 7,
    "lookupName": "gopkg.in/russross/blackfriday.v1",
  },
]
`;
