// Jest Snapshot v1, https://goo.gl/fbAQLP

exports[`lib/manager/gitlabci/extract extractPackageFile() extracts multiple image lines 1`] = `
Array [
  Object {
    "currentDepTag": "hadolint/hadolint:latest",
    "currentDepTagDigest": "hadolint/hadolint:latest",
    "currentDigest": undefined,
    "currentFrom": "hadolint/hadolint:latest",
    "currentValue": "latest",
    "datasource": "docker",
    "depName": "hadolint/hadolint",
    "depType": "image",
    "dockerRegistry": undefined,
    "lineNumber": 36,
  },
  Object {
    "currentDepTag": "docker:latest",
    "currentDepTagDigest": "docker:latest",
    "currentDigest": undefined,
    "currentFrom": "docker:latest",
    "currentValue": "latest",
    "datasource": "docker",
    "depName": "docker",
    "depType": "image",
    "dockerRegistry": undefined,
    "lineNumber": 53,
  },
  Object {
    "currentDepTag": "docker:dind",
    "currentDepTagDigest": "docker:dind",
    "currentDigest": undefined,
    "currentFrom": "docker:dind",
    "currentValue": "dind",
    "datasource": "docker",
    "depName": "docker",
    "depType": "service-image",
    "dockerRegistry": undefined,
    "lineNumber": 55,
  },
  Object {
    "currentDepTag": "docker:latest",
    "currentDepTagDigest": "docker:latest",
    "currentDigest": undefined,
    "currentFrom": "docker:latest",
    "currentValue": "latest",
    "datasource": "docker",
    "depName": "docker",
    "depType": "image",
    "dockerRegistry": undefined,
    "lineNumber": 75,
  },
  Object {
    "currentDepTag": "docker:dind",
    "currentDepTagDigest": "docker:dind",
    "currentDigest": undefined,
    "currentFrom": "docker:dind",
    "currentValue": "dind",
    "datasource": "docker",
    "depName": "docker",
    "depType": "service-image",
    "dockerRegistry": undefined,
    "lineNumber": 77,
  },
]
`;
