// Jest Snapshot v1, https://goo.gl/fbAQLP

exports[`lib/manager/terraform/extract extractPackageFile() extracts 1`] = `
Object {
  "deps": Array [
    Object {
      "currentValue": "v1.0.0",
      "datasource": "github",
      "depName": "hashicorp/example",
      "depType": "github",
      "lineNumber": 1,
      "moduleName": "foo",
      "source": "github.com/hashicorp/example?ref=v1.0.0",
    },
    Object {
      "currentValue": "next",
      "datasource": "github",
      "depName": "hashicorp/example",
      "depType": "github",
      "lineNumber": 5,
      "moduleName": "bar",
      "skipReason": "unsupported-version",
      "source": "github.com/hashicorp/example?ref=next",
    },
    Object {
      "currentValue": "0.1.0",
      "datasource": "terraform",
      "depName": "hashicorp/consul/aws",
      "depType": "terraform",
      "lineNumber": 10,
      "moduleName": "consul",
      "source": "hashicorp/consul/aws",
    },
    Object {
      "currentValue": "v0.1.0",
      "datasource": "github",
      "depName": "tieto-cem/terraform-aws-ecs-task-definition",
      "depType": "github",
      "lineNumber": 14,
      "moduleName": "container_definition",
      "source": "github.com/tieto-cem/terraform-aws-ecs-task-definition//modules/container-definition?ref=v0.1.0",
    },
    Object {
      "currentValue": "v0.1.0",
      "datasource": "github",
      "depName": "tieto-cem/terraform-aws-ecs-task-definition",
      "depType": "github",
      "lineNumber": 25,
      "moduleName": "task_definition",
      "source": "github.com/tieto-cem/terraform-aws-ecs-task-definition?ref=v0.1.0",
    },
    Object {
      "currentValue": "v2.0.0",
      "datasource": "github",
      "depName": "hashicorp/example",
      "depType": "github",
      "lineNumber": 31,
      "moduleName": "consul",
      "source": "git@github.com:hashicorp/example.git?ref=v2.0.0",
    },
    Object {
      "datasource": "terraform",
      "depName": "terraform-aws-modules/security-group/aws",
      "depType": "terraform",
      "lineNumber": undefined,
      "moduleName": "web_server_sg",
      "skipReason": "no-version",
      "source": "terraform-aws-modules/security-group/aws//modules/http-80",
    },
    Object {
      "currentValue": "<= 2.4.0",
      "datasource": "terraform",
      "depName": "terraform-aws-modules/security-group/aws",
      "depType": "terraform",
      "lineNumber": 46,
      "moduleName": "vote_service_sg",
      "source": "terraform-aws-modules/security-group/aws",
    },
    Object {
      "currentValue": "~> 1.1.0",
      "datasource": "terraform",
      "depName": "example-corp/k8s-cluster/azurerm",
      "depType": "terraform",
      "lineNumber": 71,
      "lookupName": "app.terraform.io/example-corp/k8s-cluster/azurerm",
      "moduleName": "consul",
      "source": "app.terraform.io/example-corp/k8s-cluster/azurerm",
    },
    Object {
      "currentValue": "~> 1.1",
      "datasource": "terraform",
      "depName": "example-corp/k8s-cluster/azurerm",
      "depType": "terraform",
      "lineNumber": 76,
      "lookupName": "app.terraform.io/example-corp/k8s-cluster/azurerm",
      "moduleName": "consul2",
      "source": "app.terraform.io/example-corp/k8s-cluster/azurerm",
    },
    Object {
      "currentValue": "~~ 1.1",
      "datasource": "terraform",
      "depName": "example-corp/k8s-cluster/azurerm",
      "depType": "terraform",
      "lineNumber": 81,
      "lookupName": "app.terraform.io/example-corp/k8s-cluster/azurerm",
      "moduleName": "consul3",
      "skipReason": "unsupported-version",
      "source": "app.terraform.io/example-corp/k8s-cluster/azurerm",
    },
    Object {
      "currentValue": ">= 1.0.0, <= 2.0.0",
      "datasource": "terraform",
      "depName": "hashicorp/consul/aws",
      "depType": "terraform",
      "lineNumber": 86,
      "moduleName": "consul3",
      "source": "hashicorp/consul/aws",
    },
    Object {
      "moduleName": "relative",
      "skipReason": "local",
      "source": "../../modules/fe",
    },
    Object {
      "moduleName": "nosauce",
      "skipReason": "no-source",
    },
  ],
}
`;
