// Jest Snapshot v1, https://goo.gl/fbAQLP

exports[`lib/manager/kubernetes/extract extractPackageFile() extracts image line in a YAML array 1`] = `
Array [
  Object {
    "currentDepTag": "external_storage/local-volume-provisioner:v2.1.0",
    "currentDepTagDigest": "external_storage/local-volume-provisioner:v2.1.0",
    "currentDigest": undefined,
    "currentFrom": "quay.io/external_storage/local-volume-provisioner:v2.1.0",
    "currentValue": "v2.1.0",
    "datasource": "docker",
    "depName": "external_storage/local-volume-provisioner",
    "dockerRegistry": "quay.io",
    "lineNumber": 14,
    "lookupName": "quay.io/external_storage/local-volume-provisioner",
  },
]
`;

exports[`lib/manager/kubernetes/extract extractPackageFile() extracts multiple image lines 1`] = `
Array [
  Object {
    "currentDepTag": "nginx:1.7.9",
    "currentDepTagDigest": "nginx:1.7.9",
    "currentDigest": undefined,
    "currentFrom": "nginx:1.7.9",
    "currentValue": "1.7.9",
    "datasource": "docker",
    "depName": "nginx",
    "dockerRegistry": undefined,
    "lineNumber": 18,
  },
  Object {
    "currentDepTag": "kube-proxy-amd64:v1.11.1",
    "currentDepTagDigest": "kube-proxy-amd64:v1.11.1",
    "currentDigest": undefined,
    "currentFrom": "k8s.gcr.io/kube-proxy-amd64:v1.11.1",
    "currentValue": "v1.11.1",
    "datasource": "docker",
    "depName": "kube-proxy-amd64",
    "dockerRegistry": "k8s.gcr.io",
    "lineNumber": 46,
    "lookupName": "k8s.gcr.io/kube-proxy-amd64",
  },
]
`;
